// Jest Snapshot v1, https://goo.gl/fbAQLP

exports[`ExerciseChangeWeight component Renders correctly 1`] = `
<div class="change-weight"><button class="less-weight">-</button> <span class="weight">10</span> <button class="more-weight">+</button> <button class="save-weight">
    Ok
  </button></div>
`;
