// Jest Snapshot v1, https://goo.gl/fbAQLP

exports[`TrainingView renders 1`] = `
<div>
  <h1 class="training-name">Training A</h1>
  <exerciseview-stub name="test exercise">
    <setview-stub exerciseindex="0" setindex="0" set="[object Object]"></setview-stub>
    <setview-stub exerciseindex="0" setindex="1" set="[object Object]"></setview-stub>
    <setview-stub exerciseindex="0" setindex="2" set="[object Object]"></setview-stub>
  </exerciseview-stub>
  <exerciseview-stub name="test exercise 1">
    <setview-stub exerciseindex="1" setindex="0" set="[object Object]"></setview-stub>
    <setview-stub exerciseindex="1" setindex="1" set="[object Object]"></setview-stub>
    <setview-stub exerciseindex="1" setindex="2" set="[object Object]"></setview-stub>
  </exerciseview-stub>
</div>
`;
